---
source: tests/integration_tests/configure_shell.rs
info:
  program: wt
  args:
    - configure-shell
    - "--shell"
    - fish
    - "--yes"
  env:
    CLICOLOR_FORCE: "1"
    GIT_AUTHOR_DATE: "2025-01-01T00:00:00Z"
    GIT_COMMITTER_DATE: "2025-01-01T00:00:00Z"
    GIT_CONFIG_GLOBAL: /dev/null
    GIT_CONFIG_SYSTEM: /dev/null
    GIT_EDITOR: ""
    HOME: /var/folders/wf/s6ycxvvs4ln8qsdbfx40hnc40000gn/T/.tmp0kaR0I
    LANG: C
    LC_ALL: C
    SOURCE_DATE_EPOCH: "1704067200"
---
success: true
exit_code: 0
----- stdout -----
Created [1mfish[0m [TEMP_HOME]/.config/fish/conf.d/wt.fish
  [2mif type -q wt; wt init fish | source; end[0m

✅ [32mConfigured 1 shell[0m

💡 [2mRestart your shell or run: source <config-file>[0m

----- stderr -----
