---
source: tests/integration_tests/merge.rs
info:
  program: wt
  args:
    - merge
    - main
    - "--keep"
  env:
    CLICOLOR_FORCE: "1"
    GIT_AUTHOR_DATE: "2025-01-01T00:00:00Z"
    GIT_COMMITTER_DATE: "2025-01-01T00:00:00Z"
    GIT_CONFIG_GLOBAL: /dev/null
    GIT_CONFIG_SYSTEM: /dev/null
    GIT_EDITOR: ""
    LANG: C
    LC_ALL: C
    SOURCE_DATE_EPOCH: "1704067200"
---
success: true
exit_code: 0
----- stdout -----
🔄 [36mRebasing onto [1m[36mmain[0m...[0m
🔄 [36mPushing 1 commit to [1m[36mmain[0m @ [SHA][0m

* [SHA] (HEAD -> feature) Add feature file

[2mfeature.txt | 1 +
 1 file changed, 1 insertion(+)[0m

✅ [32mPushed to [1m[32mmain[0m (1 commit, 1 file, [32m+1[0m)  [0m

✅ [32mMerge complete[0m

  [2m1. Rebased [1m[32mfeature[0m onto [1m[32mmain[0m[0m
  [2m2. Pushed to [1m[32mmain[0m[0m
  [2m3. Preserved worktree[0m

----- stderr -----
