---
source: tests/integration_tests/merge.rs
info:
  program: wt
  args:
    - merge
    - main
    - "--squash"
  env:
    CLICOLOR_FORCE: "1"
    GIT_AUTHOR_DATE: "2025-01-01T00:00:00Z"
    GIT_COMMITTER_DATE: "2025-01-01T00:00:00Z"
    GIT_CONFIG_GLOBAL: /dev/null
    GIT_CONFIG_SYSTEM: /dev/null
    GIT_EDITOR: ""
    LANG: C
    LC_ALL: C
    SOURCE_DATE_EPOCH: "1704067200"
---
success: true
exit_code: 0
----- stdout -----
🔄 [36mSquashing 3 commits into one...[0m
✅ [32mSquashed 3 commits into one[0m
🔄 [36mRebasing onto [1m[36mmain[0m...[0m
🔄 [36mPushing 1 commit to [1m[36mmain[0m @ [SHA][0m

* [SHA] (HEAD -> feature) Squash commits from main

[2mfile1.txt | 1 +
 file2.txt | 1 +
 file3.txt | 1 +
 3 files changed, 3 insertions(+)[0m

✅ [32mPushed to [1m[32mmain[0m (1 commit, 3 files, [32m+3[0m)  [0m
🔄 [36mCleaning up worktree...[0m
✅ [32mRemoved worktree and returned to primary[0m
  [2mPath: [REPO][0m

To enable automatic cd, run: wt configure-shell

✅ [32mMerge complete[0m

  [2m1. Squashed 3 commits into 1[0m
  [2m2. Rebased [1m[32mfeature[0m onto [1m[32mmain[0m[0m
  [2m3. Pushed to [1m[32mmain[0m[0m
  [2m4. Cleaned up worktree[0m

----- stderr -----
🟡 [33mLLM generation failed, using deterministic message[0m
