---
source: tests/integration_tests/shell_wrapper.rs
expression: output.normalized().as_ref()
---
🔄 [36mStarting (background):[0m
[40m [0m sleep 0.1 && echo 'Server output'

🔄 [36mStarting (background):[0m
[40m [0m sleep 0.1 && echo 'Watcher output'

✅ [32mCreated new worktree for [1m[32mfeature-logs[0m at [TMPDIR]/test-repo.feature-logs[0m
